###############################################################################
#
# IAR ELF Linker V7.80.4.12462/W32 for ARM                09/May/2021  16:28:06
# Copyright 2007-2017 IAR Systems AB.
#
#    Output file  =  
#        E:\stm32l476_sx126x\EWARM\stm32l476_sx126x\Exe\stm32l476_sx126x.out
#    Map file     =  
#        E:\stm32l476_sx126x\EWARM\stm32l476_sx126x\List\stm32l476_sx126x.map
#    Command line =  
#        E:\stm32l476_sx126x\EWARM\stm32l476_sx126x\Obj\board.o
#        E:\stm32l476_sx126x\EWARM\stm32l476_sx126x\Obj\delay-board.o
#        E:\stm32l476_sx126x\EWARM\stm32l476_sx126x\Obj\delay.o
#        E:\stm32l476_sx126x\EWARM\stm32l476_sx126x\Obj\gpio.o
#        E:\stm32l476_sx126x\EWARM\stm32l476_sx126x\Obj\lora.o
#        E:\stm32l476_sx126x\EWARM\stm32l476_sx126x\Obj\main.o
#        E:\stm32l476_sx126x\EWARM\stm32l476_sx126x\Obj\radio.o
#        E:\stm32l476_sx126x\EWARM\stm32l476_sx126x\Obj\rtc-board.o
#        E:\stm32l476_sx126x\EWARM\stm32l476_sx126x\Obj\spi-board.o
#        E:\stm32l476_sx126x\EWARM\stm32l476_sx126x\Obj\startup_stm32l476xx.o
#        E:\stm32l476_sx126x\EWARM\stm32l476_sx126x\Obj\stm32l4xx_hal.o
#        E:\stm32l476_sx126x\EWARM\stm32l476_sx126x\Obj\stm32l4xx_hal_cortex.o
#        E:\stm32l476_sx126x\EWARM\stm32l476_sx126x\Obj\stm32l4xx_hal_dma.o
#        E:\stm32l476_sx126x\EWARM\stm32l476_sx126x\Obj\stm32l4xx_hal_dma_ex.o
#        E:\stm32l476_sx126x\EWARM\stm32l476_sx126x\Obj\stm32l4xx_hal_exti.o
#        E:\stm32l476_sx126x\EWARM\stm32l476_sx126x\Obj\stm32l4xx_hal_flash.o
#        E:\stm32l476_sx126x\EWARM\stm32l476_sx126x\Obj\stm32l4xx_hal_flash_ex.o
#        E:\stm32l476_sx126x\EWARM\stm32l476_sx126x\Obj\stm32l4xx_hal_flash_ramfunc.o
#        E:\stm32l476_sx126x\EWARM\stm32l476_sx126x\Obj\stm32l4xx_hal_gpio.o
#        E:\stm32l476_sx126x\EWARM\stm32l476_sx126x\Obj\stm32l4xx_hal_i2c.o
#        E:\stm32l476_sx126x\EWARM\stm32l476_sx126x\Obj\stm32l4xx_hal_i2c_ex.o
#        E:\stm32l476_sx126x\EWARM\stm32l476_sx126x\Obj\stm32l4xx_hal_msp.o
#        E:\stm32l476_sx126x\EWARM\stm32l476_sx126x\Obj\stm32l4xx_hal_pwr.o
#        E:\stm32l476_sx126x\EWARM\stm32l476_sx126x\Obj\stm32l4xx_hal_pwr_ex.o
#        E:\stm32l476_sx126x\EWARM\stm32l476_sx126x\Obj\stm32l4xx_hal_rcc.o
#        E:\stm32l476_sx126x\EWARM\stm32l476_sx126x\Obj\stm32l4xx_hal_rcc_ex.o
#        E:\stm32l476_sx126x\EWARM\stm32l476_sx126x\Obj\stm32l4xx_hal_rtc.o
#        E:\stm32l476_sx126x\EWARM\stm32l476_sx126x\Obj\stm32l4xx_hal_rtc_ex.o
#        E:\stm32l476_sx126x\EWARM\stm32l476_sx126x\Obj\stm32l4xx_hal_spi.o
#        E:\stm32l476_sx126x\EWARM\stm32l476_sx126x\Obj\stm32l4xx_hal_spi_ex.o
#        E:\stm32l476_sx126x\EWARM\stm32l476_sx126x\Obj\stm32l4xx_hal_tim.o
#        E:\stm32l476_sx126x\EWARM\stm32l476_sx126x\Obj\stm32l4xx_hal_tim_ex.o
#        E:\stm32l476_sx126x\EWARM\stm32l476_sx126x\Obj\stm32l4xx_hal_uart.o
#        E:\stm32l476_sx126x\EWARM\stm32l476_sx126x\Obj\stm32l4xx_hal_uart_ex.o
#        E:\stm32l476_sx126x\EWARM\stm32l476_sx126x\Obj\stm32l4xx_it.o
#        E:\stm32l476_sx126x\EWARM\stm32l476_sx126x\Obj\sx1262-board.o
#        E:\stm32l476_sx126x\EWARM\stm32l476_sx126x\Obj\sx126x.o
#        E:\stm32l476_sx126x\EWARM\stm32l476_sx126x\Obj\system_stm32l4xx.o
#        E:\stm32l476_sx126x\EWARM\stm32l476_sx126x\Obj\timer.o --redirect
#        _Printf=_PrintfFull --redirect _Scanf=_ScanfFull -o
#        E:\stm32l476_sx126x\EWARM\stm32l476_sx126x\Exe\stm32l476_sx126x.out
#        --map
#        E:\stm32l476_sx126x\EWARM\stm32l476_sx126x\List\stm32l476_sx126x.map
#        --config E:\stm32l476_sx126x\EWARM/stm32l476xx_flash.icf --semihosting
#        --entry __iar_program_start --vfe
#
###############################################################################

*******************************************************************************
*** RUNTIME MODEL ATTRIBUTES
***

CppFlavor                     = *
__Heap_Handler                = Basic
__SystemLibrary               = DLib
__dlib_dynamic_initialization = normal


*******************************************************************************
*** PLACEMENT SUMMARY
***

"A0":  place at 0x08000000 { ro section .intvec };
"P1":  place in [from 0x08000000 to 0x080fffff] { ro };
"P2":  place in [from 0x20000000 to 0x20017fff] { rw, block CSTACK, block HEAP };
"P3":  place in [from 0x20000000 to 0x20017fff] {  };
initialize by copy { rw };

  Section             Kind        Address    Size  Object
  -------             ----        -------    ----  ------
"A0":                                       0x188
  .intvec             ro code  0x08000000   0x188  startup_stm32l476xx.o [1]
                             - 0x08000188   0x188

"P1":                                      0x65d1
  .text               ro code  0x08000188  0x119a  xprintffull.o [3]
  .text               ro code  0x08001322    0x20  xmbtowc.o [3]
  .text               ro code  0x08001344    0x16  strchr.o [5]
  .text               ro code  0x0800135c    0x36  strlen.o [5]
  .text               ro code  0x08001394    0x58  memchr.o [5]
  .text               ro code  0x080013ec     0xa  xmbcurmax.o [3]
  .text               ro code  0x080013f8    0xb0  xxmemxmalloc.o [3]
  .text               ro code  0x080014a8    0x1a  xwctomb.o [3]
  .text               ro code  0x080014c4    0x76  ABImemcpy_unaligned.o [5]
  .text               ro code  0x0800153c    0x80  xxmemxfree.o [3]
  .text               ro code  0x080015bc    0xee  I64DivMod.o [5]
  .text               ro code  0x080016aa    0x44  xdnorm.o [4]
  .text               ro code  0x080016f0    0x2e  DblCmpLe.o [4]
  .text               ro code  0x08001720    0x2e  DblCmpGe.o [4]
  .text               ro code  0x08001750   0x114  xdscale.o [4]
  .text               ro code  0x08001864    0x58  DblToI32.o [4]
  .text               ro code  0x080018bc    0x30  I32ToDbl.o [4]
  .text               ro code  0x080018ec   0x180  DblSub.o [4]
  .text               ro code  0x08001a6c   0x1a2  DblMul.o [4]
  .text               ro code  0x08001c10   0x256  DblDiv.o [4]
  .text               ro code  0x08001e68    0x6c  localeconv.o [3]
  .text               ro code  0x08001ed4     0xe  div.o [3]
  .text               ro code  0x08001ee4    0x14  setlocale.o [3]
  .text               ro code  0x08001ef8    0x60  xencoding_sb.o [3]
  .text               ro code  0x08001f58    0x2c  xgetmemchunk.o [3]
  .text               ro code  0x08001f84     0x2  I64DivZer.o [5]
  .text               ro code  0x08001f88    0xd4  DblAdd.o [4]
  .text               ro code  0x0800205c     0x2  xtls.o [3]
  .text               ro code  0x08002060   0xa00  radio.o [1]
  .text               ro code  0x08002a60   0x71e  sx126x.o [1]
  .text               ro code  0x08003180   0x1d8  timer.o [1]
  .text               ro code  0x08003358   0x33c  sx1262-board.o [1]
  .text               ro code  0x08003694     0x4  delay.o [1]
  .text               ro code  0x08003698    0x20  board.o [1]
  .text               ro code  0x080036b8     0x6  ABImemclr4.o [5]
  .text               ro code  0x080036c0   0x2b0  rtc-board.o [1]
  .text               ro code  0x08003970   0x108  gpio.o [1]
  .text               ro code  0x08003a78   0x228  spi-board.o [1]
  .text               ro code  0x08003ca0     0x4  delay-board.o [1]
  .text               ro code  0x08003ca4    0x10  stm32l4xx_hal.o [1]
  .text               ro code  0x08003cb4    0xce  stm32l4xx_hal_cortex.o [1]
  .text               ro code  0x08003d84    0x32  ABImemset48.o [5]
  .text               ro code  0x08003db8   0x5ba  stm32l4xx_hal_rtc.o [1]
  .text               ro code  0x08004374    0x24  printf.o [3]
  .text               ro code  0x08004398   0x20c  stm32l4xx_hal_gpio.o [1]
  .text               ro code  0x080045a4   0x4d8  stm32l4xx_hal_spi.o [1]
  .text               ro code  0x08004a7c    0x28  stm32l4xx_hal.o [1]
  .text               ro code  0x08004aa4   0x130  stm32l4xx_hal_msp.o [1]
  .text               ro code  0x08004bd4     0xc  stm32l4xx_hal.o [1]
  .text               ro code  0x08004be0   0x330  main.o [1]
  .text               ro code  0x08004f10   0x502  stm32l4xx_hal_uart.o [1]
  .text               ro code  0x08005414    0x2c  stm32l4xx_hal.o [1]
  .text               ro code  0x08005440   0x1ec  lora.o [1]
  .text               ro code  0x0800562c   0x700  stm32l4xx_hal_rcc.o [1]
  .text               ro code  0x08005d2c   0x53c  stm32l4xx_hal_rcc_ex.o [1]
  .text               ro code  0x08006268    0x7c  stm32l4xx_hal_pwr_ex.o [1]
  .text               ro code  0x080062e4    0x48  stm32l4xx_hal.o [1]
  .text               ro code  0x0800632c    0x8c  system_stm32l4xx.o [1]
  .rodata             const    0x080063b8    0x6c  radio.o [1]
  .text               ro code  0x08006424    0x40  zero_init3.o [5]
  .text               ro code  0x08006464    0x38  packbits_init_single.o [5]
  .text               ro code  0x0800649c    0x28  data_init.o [5]
  .text               ro code  0x080064c4    0x22  fpinit_M.o [4]
  .iar.init_table     const    0x080064e8    0x20  - Linker created -
  .text               ro code  0x08006508    0x1e  stm32l4xx_it.o [1]
  .text               ro code  0x08006528    0x1a  cmain.o [5]
  .text               ro code  0x08006542     0x4  low_level_init.o [3]
  .text               ro code  0x08006546     0x4  exit.o [3]
  .text               ro code  0x0800654c     0xa  cexit.o [5]
  .text               ro code  0x08006558    0x14  exit.o [6]
  .text               ro code  0x0800656c    0x16  xprout.o [3]
  .text               ro code  0x08006584     0xc  putchar.o [3]
  .text               ro code  0x08006590    0x10  startup_stm32l476xx.o [1]
  .text               ro code  0x080065a0     0xc  cstartup_M.o [5]
  .rodata             const    0x080065ac     0x8  system_stm32l4xx.o [1]
  .text               ro code  0x080065b4     0x4  startup_stm32l476xx.o [1]
  .text               ro code  0x080065b8     0x4  startup_stm32l476xx.o [1]
  .text               ro code  0x080065bc     0x4  startup_stm32l476xx.o [1]
  .text               ro code  0x080065c0     0x4  startup_stm32l476xx.o [1]
  .text               ro code  0x080065c4     0x4  startup_stm32l476xx.o [1]
  .text               ro code  0x080065c8     0x4  startup_stm32l476xx.o [1]
  .text               ro code  0x080065cc     0x4  startup_stm32l476xx.o [1]
  .text               ro code  0x080065d0     0x4  startup_stm32l476xx.o [1]
  .text               ro code  0x080065d4     0x4  startup_stm32l476xx.o [1]
  .text               ro code  0x080065d8     0x4  startup_stm32l476xx.o [1]
  .text               ro code  0x080065dc     0x4  startup_stm32l476xx.o [1]
  .text               ro code  0x080065e0     0x4  startup_stm32l476xx.o [1]
  .text               ro code  0x080065e4     0x4  startup_stm32l476xx.o [1]
  .text               ro code  0x080065e8     0x4  startup_stm32l476xx.o [1]
  .text               ro code  0x080065ec     0x4  startup_stm32l476xx.o [1]
  .text               ro code  0x080065f0     0x4  startup_stm32l476xx.o [1]
  .text               ro code  0x080065f4     0x4  startup_stm32l476xx.o [1]
  .text               ro code  0x080065f8     0x4  startup_stm32l476xx.o [1]
  .text               ro code  0x080065fc     0x4  startup_stm32l476xx.o [1]
  .text               ro code  0x08006600     0x4  startup_stm32l476xx.o [1]
  .text               ro code  0x08006604     0x4  startup_stm32l476xx.o [1]
  .text               ro code  0x08006608     0x4  startup_stm32l476xx.o [1]
  .text               ro code  0x0800660c     0x4  startup_stm32l476xx.o [1]
  .text               ro code  0x08006610     0x4  startup_stm32l476xx.o [1]
  .text               ro code  0x08006614     0x4  startup_stm32l476xx.o [1]
  .text               ro code  0x08006618     0x4  startup_stm32l476xx.o [1]
  .text               ro code  0x0800661c     0x4  startup_stm32l476xx.o [1]
  .text               ro code  0x08006620     0x4  startup_stm32l476xx.o [1]
  .text               ro code  0x08006624     0x4  startup_stm32l476xx.o [1]
  .text               ro code  0x08006628     0x4  startup_stm32l476xx.o [1]
  .text               ro code  0x0800662c     0x4  startup_stm32l476xx.o [1]
  .text               ro code  0x08006630     0x4  startup_stm32l476xx.o [1]
  .text               ro code  0x08006634     0x4  startup_stm32l476xx.o [1]
  .text               ro code  0x08006638     0x4  startup_stm32l476xx.o [1]
  .text               ro code  0x0800663c     0x4  startup_stm32l476xx.o [1]
  .text               ro code  0x08006640     0x4  startup_stm32l476xx.o [1]
  .text               ro code  0x08006644     0x4  startup_stm32l476xx.o [1]
  .text               ro code  0x08006648     0x4  startup_stm32l476xx.o [1]
  .text               ro code  0x0800664c     0x4  startup_stm32l476xx.o [1]
  .text               ro code  0x08006650     0x4  startup_stm32l476xx.o [1]
  .text               ro code  0x08006654     0x4  startup_stm32l476xx.o [1]
  .text               ro code  0x08006658     0x4  startup_stm32l476xx.o [1]
  .text               ro code  0x0800665c     0x4  startup_stm32l476xx.o [1]
  .text               ro code  0x08006660     0x4  startup_stm32l476xx.o [1]
  .text               ro code  0x08006664     0x4  startup_stm32l476xx.o [1]
  .text               ro code  0x08006668     0x4  startup_stm32l476xx.o [1]
  .text               ro code  0x0800666c     0x4  startup_stm32l476xx.o [1]
  .text               ro code  0x08006670     0x4  startup_stm32l476xx.o [1]
  .text               ro code  0x08006674     0x4  startup_stm32l476xx.o [1]
  .text               ro code  0x08006678     0x4  startup_stm32l476xx.o [1]
  .text               ro code  0x0800667c     0x4  startup_stm32l476xx.o [1]
  .text               ro code  0x08006680     0x4  startup_stm32l476xx.o [1]
  .text               ro code  0x08006684     0x4  startup_stm32l476xx.o [1]
  .text               ro code  0x08006688     0x4  startup_stm32l476xx.o [1]
  .text               ro code  0x0800668c     0x4  startup_stm32l476xx.o [1]
  .text               ro code  0x08006690     0x4  startup_stm32l476xx.o [1]
  .text               ro code  0x08006694     0x4  startup_stm32l476xx.o [1]
  .text               ro code  0x08006698     0x4  startup_stm32l476xx.o [1]
  .text               ro code  0x0800669c     0x4  startup_stm32l476xx.o [1]
  .text               ro code  0x080066a0     0x4  startup_stm32l476xx.o [1]
  .text               ro code  0x080066a4     0x4  startup_stm32l476xx.o [1]
  .text               ro code  0x080066a8     0x4  startup_stm32l476xx.o [1]
  .text               ro code  0x080066ac     0x4  startup_stm32l476xx.o [1]
  .text               ro code  0x080066b0     0x4  startup_stm32l476xx.o [1]
  .text               ro code  0x080066b4     0x4  startup_stm32l476xx.o [1]
  .text               ro code  0x080066b8     0x4  startup_stm32l476xx.o [1]
  .text               ro code  0x080066bc     0x4  startup_stm32l476xx.o [1]
  .text               ro code  0x080066c0     0x4  startup_stm32l476xx.o [1]
  .text               ro code  0x080066c4     0x4  startup_stm32l476xx.o [1]
  .text               ro code  0x080066c8     0x4  startup_stm32l476xx.o [1]
  .text               ro code  0x080066cc     0x4  startup_stm32l476xx.o [1]
  .text               ro code  0x080066d0     0x4  startup_stm32l476xx.o [1]
  .text               ro code  0x080066d4     0x4  startup_stm32l476xx.o [1]
  .text               ro code  0x080066d8     0x4  startup_stm32l476xx.o [1]
  .text               ro code  0x080066dc     0x4  startup_stm32l476xx.o [1]
  .text               ro code  0x080066e0     0x4  startup_stm32l476xx.o [1]
  .text               ro code  0x080066e4     0x4  startup_stm32l476xx.o [1]
  .text               ro code  0x080066e8     0x4  startup_stm32l476xx.o [1]
  .rodata             const    0x080066ec     0x0  zero_init3.o [5]
  .rodata             const    0x080066ec     0x0  packbits_init_single.o [5]
  Initializer bytes   const    0x080066ec    0x6d  <for P2-P3-1>
                             - 0x08006759  0x65d1

"P2-P3", part 1 of 3:                       0xb40
  P2-P3-1                      0x20000000   0xb40  <Init block>
    .data             inited   0x20000000   0x874  board.o [1]
    .data             inited   0x20000874    0x2c  lora.o [1]
    .data             inited   0x200008a0   0x154  radio.o [1]
    .data             inited   0x200009f4     0xc  stm32l4xx_hal.o [1]
    .data             inited   0x20000a00     0x4  system_stm32l4xx.o [1]
    .data             inited   0x20000a04    0x40  xfiles.o [3]
    __DLIB_PERTHREAD  inited   0x20000a44    0x88  localeconv.o [3]
    __DLIB_PERTHREAD  inited   0x20000acc    0x74  setlocale.o [3]
                             - 0x20000b40   0xb40

"P2-P3", part 2 of 3:                       0x600
  CSTACK                       0x20000b40   0x400  <Block>
    CSTACK            uninit   0x20000b40   0x400  <Block tail>
  HEAP                         0x20000f40   0x200  <Block>
    HEAP              uninit   0x20000f40   0x200  <Block tail>
                             - 0x20001140   0x600

"P2-P3", part 3 of 3:                       0x3b8
  .bss                zero     0x20001140    0xf4  radio.o [1]
  .bss                zero     0x20001234    0xc8  spi-board.o [1]
  .bss                zero     0x200012fc    0x80  main.o [1]
  .bss                zero     0x2000137c    0x64  main.o [1]
  .bss                zero     0x200013e0    0x50  xfiles.o [3]
  .bss                zero     0x20001430    0x44  rtc-board.o [1]
  .bss                zero     0x20001474    0x2c  rtc-board.o [1]
  .bss                zero     0x200014a0    0x24  main.o [1]
  .bss                zero     0x200014c4    0x14  sx1262-board.o [1]
  .bss                zero     0x200014d8     0x8  sx126x.o [1]
  .bss                zero     0x200014e0     0x8  xxmemxmalloc.o [3]
  .bss                zero     0x200014e8     0x4  radio.o [1]
  .bss                zero     0x200014ec     0x4  timer.o [1]
  .bss                zero     0x200014f0     0x4  xgetmemchunk.o [3]
  .bss                zero     0x200014f4     0x1  sx1262-board.o [1]
  .bss                zero     0x200014f5     0x1  sx126x.o [1]
                             - 0x200014f6   0x3b6


*******************************************************************************
*** INIT TABLE
***

          Address     Size
          -------     ----
Zero (__iar_zero_init3)
    1 destination range, total size 0x3b6:
          0x20001140  0x3b6

Copy/packbits (__iar_packbits_init_single3)
    1 source range, total size 0x6d (3% of destination):
          0x080066ec   0x6d
    1 destination range, total size 0xb40:
          0x20000000  0xb40



*******************************************************************************
*** MODULE SUMMARY
***

    Module                  ro code  ro data  rw data
    ------                  -------  -------  -------
E:\stm32l476_sx126x\EWARM\stm32l476_sx126x\Obj: [1]
    board.o                      32       81    2 164
    delay-board.o                 4
    delay.o                       4
    gpio.o                      264
    lora.o                      492        2       44
    main.o                      816               264
    radio.o                   2 560      121      588
    rtc-board.o                 688               112
    spi-board.o                 552               200
    startup_stm32l476xx.o       720
    stm32l4xx_hal.o             184                12
    stm32l4xx_hal_cortex.o      206
    stm32l4xx_hal_gpio.o        524
    stm32l4xx_hal_msp.o         304
    stm32l4xx_hal_pwr_ex.o      124
    stm32l4xx_hal_rcc.o       1 792
    stm32l4xx_hal_rcc_ex.o    1 340
    stm32l4xx_hal_rtc.o       1 466
    stm32l4xx_hal_spi.o       1 240
    stm32l4xx_hal_uart.o      1 282
    stm32l4xx_it.o               30
    sx1262-board.o              828                21
    sx126x.o                  1 822                 9
    system_stm32l4xx.o          140        9        4
    timer.o                     472                 4
    -------------------------------------------------
    Total:                   17 886      213    3 422

command line: [2]
    -------------------------------------------------
    Total:

dl7M_tlf.a: [3]
    div.o                        14
    exit.o                        4
    localeconv.o                108        5      136
    low_level_init.o              4
    printf.o                     36
    putchar.o                    12
    setlocale.o                  20        4      116
    xencoding_sb.o               96
    xfiles.o                               2      144
    xgetmemchunk.o               44                 4
    xmbcurmax.o                  10
    xmbtowc.o                    32
    xprintffull.o             4 506
    xprout.o                     22
    xtls.o                        2
    xwctomb.o                    26
    xxmemxfree.o                128
    xxmemxmalloc.o              176                 8
    -------------------------------------------------
    Total:                    5 240       11      408

m7M_tls.a: [4]
    DblAdd.o                    212
    DblCmpGe.o                   46
    DblCmpLe.o                   46
    DblDiv.o                    598
    DblMul.o                    418
    DblSub.o                    384
    DblToI32.o                   88
    I32ToDbl.o                   48
    fpinit_M.o                   34
    xdnorm.o                     68
    xdscale.o                   276
    -------------------------------------------------
    Total:                    2 218

rt7M_tl.a: [5]
    ABImemclr4.o                  6
    ABImemcpy_unaligned.o       118
    ABImemset48.o                50
    I64DivMod.o                 238
    I64DivZer.o                   2
    cexit.o                      10
    cmain.o                      26
    cstartup_M.o                 12
    data_init.o                  40
    memchr.o                     88
    packbits_init_single.o       56
    strchr.o                     22
    strlen.o                     54
    zero_init3.o                 64
    -------------------------------------------------
    Total:                      786

shb_l.a: [6]
    exit.o                       20
    -------------------------------------------------
    Total:                       20

    Gaps                         48        2
    Linker created                        33    1 536
-----------------------------------------------------
    Grand Total:             26 198      259    5 366


*******************************************************************************
*** ENTRY LIST
***

Entry                      Address   Size  Type      Object
-----                      -------   ----  ----      ------
.iar.init_table$$Base   0x080064e8          --   Gb  - Linker created -
.iar.init_table$$Limit  0x08006508          --   Gb  - Linker created -
?main                   0x08006529         Code  Gb  cmain.o [5]
AHBPrescTable           0x08006378   0x10  Data  Gb  system_stm32l4xx.o [1]
APBPrescTable           0x080065ac    0x8  Data  Gb  system_stm32l4xx.o [1]
AntPow                  0x200014c4   0x14  Data  Gb  sx1262-board.o [1]
Bandwidths              0x08002a58    0x4  Data  Gb  radio.o [1]
BatteryVoltage          0x20000002    0x2  Data  Lc  board.o [1]
BoardCriticalSectionBegin
                        0x08003699    0xa  Code  Gb  board.o [1]
BoardCriticalSectionEnd
                        0x080036a3    0x8  Code  Gb  board.o [1]
BufferSize              0x20000878    0x2  Data  Gb  lora.o [1]
BusFault_Handler        0x0800650f    0x2  Code  Gb  stm32l4xx_it.o [1]
CSTACK$$Base            0x20000b40          --   Gb  - Linker created -
CSTACK$$Limit           0x20000f40          --   Gb  - Linker created -
DaysInMonth             0x08003958    0xc  Data  Lc  rtc-board.o [1]
DaysInMonthLeapYear     0x08003964    0xc  Data  Lc  rtc-board.o [1]
DebugMon_Handler        0x08006515    0x2  Code  Gb  stm32l4xx_it.o [1]
DelayMs                 0x08003695    0x4  Code  Gb  delay.o [1]
DelayMsMcu              0x08003ca1    0x4  Code  Gb  delay-board.o [1]
EXTI15_10_IRQHandler    0x0800651f    0x8  Code  Gb  stm32l4xx_it.o [1]
EXTI4_IRQHandler        0x08006519    0x6  Code  Gb  stm32l4xx_it.o [1]
FrequencyError          0x200014dc    0x4  Data  Gb  sx126x.o [1]
FskBandwidths           0x080029a8   0xb0  Data  Gb  radio.o [1]
GpioInit                0x08003971   0x18  Code  Gb  gpio.o [1]
GpioRead                0x080039fd   0x26  Code  Gb  gpio.o [1]
GpioSetInterrupt        0x08003989    0x2  Code  Gb  gpio.o [1]
GpioWrite               0x0800398b   0x6a  Code  Gb  gpio.o [1]
HAL_Delay               0x08004a7d   0x28  Code  Wk  stm32l4xx_hal.o [1]
HAL_GPIO_EXTI_Callback  0x08004bf5    0x8  Code  Gb  main.o [1]
HAL_GPIO_EXTI_IRQHandler
                        0x0800456b   0x10  Code  Gb  stm32l4xx_hal_gpio.o [1]
HAL_GPIO_Init           0x08004399  0x1bc  Code  Gb  stm32l4xx_hal_gpio.o [1]
HAL_GPIO_ReadPin        0x08004555    0xc  Code  Gb  stm32l4xx_hal_gpio.o [1]
HAL_GPIO_WritePin       0x08004561    0xa  Code  Gb  stm32l4xx_hal_gpio.o [1]
HAL_GetTick             0x08004bd5    0xc  Code  Wk  stm32l4xx_hal.o [1]
HAL_IncTick             0x08003ca5   0x10  Code  Wk  stm32l4xx_hal.o [1]
HAL_Init                0x08005415   0x28  Code  Gb  stm32l4xx_hal.o [1]
HAL_InitTick            0x080062e5   0x48  Code  Wk  stm32l4xx_hal.o [1]
HAL_MspInit             0x08004aa5   0x2c  Code  Gb  stm32l4xx_hal_msp.o [1]
HAL_NVIC_EnableIRQ      0x08003d25   0x16  Code  Gb  stm32l4xx_hal_cortex.o [1]
HAL_NVIC_SetPriority    0x08003ce9   0x3a  Code  Gb  stm32l4xx_hal_cortex.o [1]
HAL_NVIC_SetPriorityGrouping
                        0x08003ccf   0x1a  Code  Gb  stm32l4xx_hal_cortex.o [1]
HAL_PWREx_ControlVoltageScaling
                        0x08006275   0x64  Code  Gb  stm32l4xx_hal_pwr_ex.o [1]
HAL_PWREx_GetVoltageRange
                        0x08006269    0xc  Code  Gb  stm32l4xx_hal_pwr_ex.o [1]
HAL_RCCEx_PeriphCLKConfig
                        0x08005d2d  0x30a  Code  Gb  stm32l4xx_hal_rcc_ex.o [1]
HAL_RCC_ClockConfig     0x08005aaf   0xe6  Code  Gb  stm32l4xx_hal_rcc.o [1]
HAL_RCC_GetPCLK1Freq    0x08005c4b   0x10  Code  Gb  stm32l4xx_hal_rcc.o [1]
HAL_RCC_GetPCLK2Freq    0x08005c5b    0xe  Code  Gb  stm32l4xx_hal_rcc.o [1]
HAL_RCC_GetSysClockFreq
                        0x08005bbb   0x90  Code  Gb  stm32l4xx_hal_rcc.o [1]
HAL_RCC_OscConfig       0x0800562d  0x44c  Code  Gb  stm32l4xx_hal_rcc.o [1]
HAL_RTC_DeactivateAlarm
                        0x080041dd   0x82  Code  Gb  stm32l4xx_hal_rtc.o [1]
HAL_RTC_GetDate         0x08003fd7   0x3c  Code  Gb  stm32l4xx_hal_rtc.o [1]
HAL_RTC_GetTime         0x08003ef3   0x42  Code  Gb  stm32l4xx_hal_rtc.o [1]
HAL_RTC_Init            0x08003db9   0x7e  Code  Gb  stm32l4xx_hal_rtc.o [1]
HAL_RTC_MspInit         0x08004ad1   0x2a  Code  Gb  stm32l4xx_hal_msp.o [1]
HAL_RTC_SetAlarm_IT     0x0800402d   0xc2  Code  Gb  stm32l4xx_hal_rtc.o [1]
HAL_RTC_SetDate         0x08003f3b   0x86  Code  Gb  stm32l4xx_hal_rtc.o [1]
HAL_RTC_SetTime         0x08003e4d   0x92  Code  Gb  stm32l4xx_hal_rtc.o [1]
HAL_RTC_WaitForSynchro  0x0800427b   0x30  Code  Gb  stm32l4xx_hal_rtc.o [1]
HAL_SPI_Init            0x080045a5   0xd2  Code  Gb  stm32l4xx_hal_spi.o [1]
HAL_SPI_MspInit         0x08004afb   0x44  Code  Gb  stm32l4xx_hal_msp.o [1]
HAL_SPI_TransmitReceive
                        0x08004677  0x222  Code  Gb  stm32l4xx_hal_spi.o [1]
HAL_SYSTICK_Callback    0x08003d81    0x2  Code  Wk  stm32l4xx_hal_cortex.o [1]
HAL_SYSTICK_Config      0x08003d3b   0x28  Code  Gb  stm32l4xx_hal_cortex.o [1]
HAL_SYSTICK_IRQHandler  0x08003d63    0x4  Code  Gb  stm32l4xx_hal_cortex.o [1]
HAL_UART_Init           0x08004f11   0x30  Code  Gb  stm32l4xx_hal_uart.o [1]
HAL_UART_MspInit        0x08004b3f   0x46  Code  Gb  stm32l4xx_hal_msp.o [1]
HAL_UART_Transmit       0x08004f8f   0xae  Code  Gb  stm32l4xx_hal_uart.o [1]
HEAP$$Base              0x20000f40          --   Gb  - Linker created -
HEAP$$Limit             0x20001140          --   Gb  - Linker created -
HardFault_Handler       0x0800650b    0x2  Code  Gb  stm32l4xx_it.o [1]
ImageCalibrated         0x200014f5    0x1  Data  Lc  sx126x.o [1]
IrqFired                0x200008a2    0x1  Data  Gb  radio.o [1]
Led1                    0x20000004   0x14  Data  Gb  board.o [1]
Led2                    0x20000018   0x14  Data  Gb  board.o [1]
LoRaHeaderType          0x200014d9    0x1  Data  Lc  sx126x.o [1]
LoadInt                 0x080007ff   0x6e  Code  Lc  xprintffull.o [3]
MSIRangeTable           0x08006388   0x30  Data  Gb  system_stm32l4xx.o [1]
MX_GPIO_Init            0x08004de3   0xdc  Code  Lc  main.o [1]
MX_RTC_Init             0x08004d21   0xba  Code  Lc  main.o [1]
MaxPayloadLength        0x200008a0    0x1  Data  Gb  radio.o [1]
McuInitialized          0x20000000    0x1  Data  Lc  board.o [1]
MemManage_Handler       0x0800650d    0x2  Code  Gb  stm32l4xx_it.o [1]
NMI_Handler             0x08006509    0x2  Code  Gb  stm32l4xx_it.o [1]
OperatingMode           0x200014f4    0x1  Data  Lc  sx1262-board.o [1]
PacketType              0x200014d8    0x1  Data  Lc  sx126x.o [1]
PendSV_Handler          0x08006517    0x2  Code  Gb  stm32l4xx_it.o [1]
RCCEx_PLLSAI1_Config    0x0800605b   0xd0  Code  Lc  stm32l4xx_hal_rcc_ex.o [1]
RCCEx_PLLSAI2_Config    0x08006139   0xbc  Code  Lc  stm32l4xx_hal_rcc_ex.o [1]
RCC_SetFlashLatencyFromMSIRange
                        0x08005c73   0x78  Code  Lc  stm32l4xx_hal_rcc.o [1]
RTC_Alarm_IRQHandler    0x0800390d   0x2a  Code  Gb  rtc-board.o [1]
RTC_Bcd2ToByte          0x08004363   0x10  Code  Gb  stm32l4xx_hal_rtc.o [1]
RTC_ByteToBcd2          0x0800434d   0x16  Code  Gb  stm32l4xx_hal_rtc.o [1]
RTC_EnterInitMode       0x080042ab   0x3e  Code  Gb  stm32l4xx_hal_rtc.o [1]
RTC_ExitInitMode        0x080042e9   0x4c  Code  Gb  stm32l4xx_hal_rtc.o [1]
Radio                   0x080063b8   0x6c  Data  Gb  radio.o [1]
RadioAddRegisterToRetentionList
                        0x080026bf   0x56  Code  Gb  radio.o [1]
RadioCheckRfFrequency   0x08002487    0x4  Code  Gb  radio.o [1]
RadioEvents             0x2000087c   0x24  Data  Lc  lora.o [1]
RadioEvents             0x200008c0    0x4  Data  Lc  radio.o [1]
RadioGetFskBandwidthRegValue
                        0x08002061   0x28  Code  Lc  radio.o [1]
RadioGetLoRaTimeOnAirNumerator
                        0x0800248b   0x7c  Code  Lc  radio.o [1]
RadioGetStatus          0x080020ed   0x24  Code  Gb  radio.o [1]
RadioGetWakeupTime      0x080027e1    0xa  Code  Gb  radio.o [1]
RadioInit               0x08002089   0x64  Code  Gb  radio.o [1]
RadioIrqProcess         0x08002815  0x160  Code  Gb  radio.o [1]
RadioIsChannelFree      0x08002141   0x74  Code  Gb  radio.o [1]
RadioOnDioIrq           0x0800280d    0x8  Code  Gb  radio.o [1]
RadioOnRxTimeoutIrq     0x080027fd   0x10  Code  Gb  radio.o [1]
RadioOnTxTimeoutIrq     0x080027ed   0x10  Code  Gb  radio.o [1]
RadioPktStatus          0x200008a4   0x14  Data  Gb  radio.o [1]
RadioPublicNetwork      0x200014e8    0x4  Data  Lc  radio.o [1]
RadioRandom             0x080021b5   0x1c  Code  Gb  radio.o [1]
RadioRead               0x08002769    0x6  Code  Gb  radio.o [1]
RadioReadBuffer         0x08002775    0x6  Code  Gb  radio.o [1]
RadioRssi               0x0800275f    0x4  Code  Gb  radio.o [1]
RadioRx                 0x08002649   0x2a  Code  Gb  radio.o [1]
RadioRxBoosted          0x08002683   0x2a  Code  Gb  radio.o [1]
RadioRxPayload          0x200008c4  0x100  Data  Gb  radio.o [1]
RadioSend               0x080025cd   0x50  Code  Gb  radio.o [1]
RadioSetChannel         0x0800213d    0x4  Code  Gb  radio.o [1]
RadioSetMaxPayloadLength
                        0x0800277b   0x2c  Code  Gb  radio.o [1]
RadioSetModem           0x08002111   0x2c  Code  Gb  radio.o [1]
RadioSetPublicNetwork   0x080027a7   0x3a  Code  Gb  radio.o [1]
RadioSetRxConfig        0x080021d1  0x154  Code  Gb  radio.o [1]
RadioSetRxDutyCycle     0x080026bb    0x4  Code  Gb  radio.o [1]
RadioSetTxConfig        0x08002331  0x118  Code  Gb  radio.o [1]
RadioSetTxContinuousWave
                        0x08002731   0x2e  Code  Gb  radio.o [1]
RadioSleep              0x0800261d   0x26  Code  Gb  radio.o [1]
RadioStandby            0x08002643    0x6  Code  Gb  radio.o [1]
RadioStartCad           0x08002715   0x12  Code  Gb  radio.o [1]
RadioTimeOnAir          0x08002509   0xc4  Code  Gb  radio.o [1]
RadioWrite              0x08002763    0x6  Code  Gb  radio.o [1]
RadioWriteBuffer        0x0800276f    0x6  Code  Gb  radio.o [1]
Region$$Table$$Base     0x080064e8          --   Gb  - Linker created -
Region$$Table$$Limit    0x08006508          --   Gb  - Linker created -
RssiValue               0x20000875    0x1  Data  Gb  lora.o [1]
RtcAlarm                0x20001474   0x2c  Data  Lc  rtc-board.o [1]
RtcGetCalendarValue     0x0800386b   0xa2  Code  Lc  rtc-board.o [1]
RtcGetMinimumTimeout    0x080036d9    0x4  Code  Gb  rtc-board.o [1]
RtcGetTimerContext      0x080036d3    0x6  Code  Gb  rtc-board.o [1]
RtcGetTimerElapsedTime  0x08003855   0x16  Code  Gb  rtc-board.o [1]
RtcGetTimerValue        0x08003845   0x10  Code  Gb  rtc-board.o [1]
RtcHandle               0x20001450   0x24  Data  Lc  rtc-board.o [1]
RtcInitialized          0x2000144c    0x1  Data  Lc  rtc-board.o [1]
RtcMs2Tick              0x080036dd    0xc  Code  Gb  rtc-board.o [1]
RtcSetAlarm             0x080036fd   0x10  Code  Gb  rtc-board.o [1]
RtcSetTimerContext      0x080036c1   0x12  Code  Gb  rtc-board.o [1]
RtcStartAlarm           0x08003739  0x10c  Code  Gb  rtc-board.o [1]
RtcStopAlarm            0x0800370d   0x20  Code  Gb  rtc-board.o [1]
RtcTick2Ms              0x080036e9   0x14  Code  Gb  rtc-board.o [1]
RtcTimerContext         0x20001430   0x1c  Data  Lc  rtc-board.o [1]
RxContinuous            0x200008a1    0x1  Data  Gb  radio.o [1]
RxTimeout               0x200008bc    0x4  Data  Gb  radio.o [1]
RxTimeoutTimer          0x200009dc   0x18  Data  Gb  radio.o [1]
SPI_EndRxTxTransaction  0x08004a21   0x30  Code  Lc  stm32l4xx_hal_spi.o [1]
SPI_WaitFifoStateUntilTimeout
                        0x08004953   0x80  Code  Lc  stm32l4xx_hal_spi.o [1]
SPI_WaitFlagStateUntilTimeout
                        0x080048bd   0x7a  Code  Lc  stm32l4xx_hal_spi.o [1]
SVC_Handler             0x08006513    0x2  Code  Gb  stm32l4xx_it.o [1]
SX126x                  0x20001140   0xf4  Data  Gb  radio.o [1]
SX126xAntSwOff          0x0800366b    0xa  Code  Gb  sx1262-board.o [1]
SX126xAntSwOn           0x0800365d    0xe  Code  Gb  sx1262-board.o [1]
SX126xCalibrateImage    0x08002d61   0x64  Code  Gb  sx126x.o [1]
SX126xCheckDeviceReady  0x08002a93   0x20  Code  Gb  sx126x.o [1]
SX126xClearIrqStatus    0x08003149   0x14  Code  Gb  sx126x.o [1]
SX126xConvertFreqInHzToPllStep
                        0x0800315d   0x22  Code  Lc  sx126x.o [1]
SX126xGetBoardTcxoWakeupTime
                        0x080033c9    0x4  Code  Gb  sx1262-board.o [1]
SX126xGetDeviceId       0x08003659    0x4  Code  Gb  sx1262-board.o [1]
SX126xGetDio1PinState   0x0800367f    0x6  Code  Gb  sx1262-board.o [1]
SX126xGetIrqStatus      0x08002e05   0x1a  Code  Gb  sx126x.o [1]
SX126xGetOperatingMode  0x080033d3    0x6  Code  Gb  sx1262-board.o [1]
SX126xGetPacketStatus   0x080030b9   0x70  Code  Gb  sx126x.o [1]
SX126xGetPacketType     0x08002e73    0x6  Code  Gb  sx126x.o [1]
SX126xGetPayload        0x08002abd   0x30  Code  Gb  sx126x.o [1]
SX126xGetRandom         0x08002b85   0x60  Code  Gb  sx126x.o [1]
SX126xGetRssiInst       0x0800306b   0x18  Code  Gb  sx126x.o [1]
SX126xGetRxBufferStatus
                        0x08003083   0x36  Code  Gb  sx126x.o [1]
SX126xInit              0x08002a61   0x32  Code  Gb  sx126x.o [1]
SX126xIoInit            0x08003359   0x1c  Code  Gb  sx1262-board.o [1]
SX126xIoIrqInit         0x08003375    0xc  Code  Gb  sx1262-board.o [1]
SX126xIoRfSwitchInit    0x080033cd    0x6  Code  Gb  sx1262-board.o [1]
SX126xIoTcxoInit        0x080033c7    0x2  Code  Gb  sx1262-board.o [1]
SX126xReadBuffer        0x08003607   0x38  Code  Gb  sx1262-board.o [1]
SX126xReadCommand       0x080034ab   0x4a  Code  Gb  sx1262-board.o [1]
SX126xReadRegister      0x080035a7   0x10  Code  Gb  sx1262-board.o [1]
SX126xReadRegisters     0x08003543   0x34  Code  Gb  sx1262-board.o [1]
SX126xReset             0x080033df   0x2a  Code  Gb  sx1262-board.o [1]
SX126xSendPayload       0x08002aed   0x10  Code  Gb  sx126x.o [1]
SX126xSetBufferBaseAddress
                        0x08003059   0x12  Code  Gb  sx126x.o [1]
SX126xSetCad            0x08002cc7   0x16  Code  Gb  sx126x.o [1]
SX126xSetCrcPolynomial  0x08002b25   0x16  Code  Gb  sx126x.o [1]
SX126xSetCrcSeed        0x08002b0f   0x16  Code  Gb  sx126x.o [1]
SX126xSetDio2AsRfSwitchCtrl
                        0x08002e1f    0xa  Code  Gb  sx126x.o [1]
SX126xSetDioIrqParams   0x08002dd3   0x32  Code  Gb  sx126x.o [1]
SX126xSetLoRaSymbNumTimeout
                        0x08002cff   0x54  Code  Gb  sx126x.o [1]
SX126xSetModulationParams
                        0x08002f03   0x80  Code  Gb  sx126x.o [1]
SX126xSetOperatingMode  0x080033d9    0x6  Code  Gb  sx1262-board.o [1]
SX126xSetPaConfig       0x08002dc5    0xe  Code  Gb  sx126x.o [1]
SX126xSetPacketParams   0x08002f83   0xc4  Code  Gb  sx126x.o [1]
SX126xSetPacketType     0x08002e65    0xe  Code  Gb  sx126x.o [1]
SX126xSetPayload        0x08002ab3    0xa  Code  Gb  sx126x.o [1]
SX126xSetRegulatorMode  0x08002d53    0x8  Code  Gb  sx126x.o [1]
SX126xSetRfFrequency    0x08002e29   0x3c  Code  Gb  sx126x.o [1]
SX126xSetRfTxPower      0x08003653    0x6  Code  Gb  sx1262-board.o [1]
SX126xSetRx             0x08002c49   0x10  Code  Gb  sx126x.o [1]
SX126xSetRxBoosted      0x08002c59    0xe  Code  Gb  sx126x.o [1]
SX126xSetRxDutyCycle    0x08002c91   0x30  Code  Gb  sx126x.o [1]
SX126xSetSleep          0x08002be5   0x32  Code  Gb  sx126x.o [1]
SX126xSetStandby        0x08002c17   0x1e  Code  Gb  sx126x.o [1]
SX126xSetStopRxTimerOnPreambleDetect
                        0x08002cf5    0xa  Code  Gb  sx126x.o [1]
SX126xSetSyncWord       0x08002afd   0x12  Code  Gb  sx126x.o [1]
SX126xSetTx             0x08002c35   0x14  Code  Gb  sx126x.o [1]
SX126xSetTxContinuousWave
                        0x08002cdd    0xa  Code  Gb  sx126x.o [1]
SX126xSetTxParams       0x08002e79   0x8a  Code  Gb  sx126x.o [1]
SX126xSetWhiteningSeed  0x08002b4d   0x38  Code  Gb  sx126x.o [1]
SX126xWaitOnBusy        0x08003409   0x12  Code  Gb  sx1262-board.o [1]
SX126xWakeup            0x0800341b   0x44  Code  Gb  sx1262-board.o [1]
SX126xWriteBuffer       0x080035b7   0x38  Code  Gb  sx1262-board.o [1]
SX126xWriteCommand      0x0800345f   0x4c  Code  Gb  sx1262-board.o [1]
SX126xWriteRegister     0x08003537    0xc  Code  Gb  sx1262-board.o [1]
SX126xWriteRegisters    0x080034f5   0x36  Code  Gb  sx1262-board.o [1]
SnrValue                0x20000876    0x1  Data  Gb  lora.o [1]
SpiFormat               0x08003bbb   0x62  Code  Gb  spi-board.o [1]
SpiFrequency            0x08003c25   0x3c  Code  Gb  spi-board.o [1]
SpiHandle               0x20001234   0xc8  Data  Lc  spi-board.o [1]
SpiInOut                0x08003c61   0x22  Code  Gb  spi-board.o [1]
SpiInit                 0x08003a79  0x110  Code  Gb  spi-board.o [1]
State                   0x20000874    0x1  Data  Gb  lora.o [1]
SysTick_Handler         0x080036ab    0xe  Code  Gb  board.o [1]
SystemClock_Config      0x08004c85   0x94  Code  Gb  main.o [1]
SystemCoreClock         0x20000a00    0x4  Data  Gb  system_stm32l4xx.o [1]
SystemInit              0x0800632d   0x3c  Code  Gb  system_stm32l4xx.o [1]
TimerGetCurrentTime     0x080032ff    0xe  Code  Gb  timer.o [1]
TimerGetElapsedTime     0x0800330d   0x20  Code  Gb  timer.o [1]
TimerInit               0x08003181   0x12  Code  Gb  timer.o [1]
TimerInsertNewHeadTimer
                        0x080031ff   0x10  Code  Lc  timer.o [1]
TimerIrqHandler         0x0800320f   0x5e  Code  Gb  timer.o [1]
TimerListHead           0x200014ec    0x4  Data  Lc  timer.o [1]
TimerSetTimeout         0x0800332d   0x2c  Code  Lc  timer.o [1]
TimerSetValue           0x080032dd   0x22  Code  Gb  timer.o [1]
TimerStart              0x08003193   0x6c  Code  Gb  timer.o [1]
TimerStop               0x08003281   0x54  Code  Gb  timer.o [1]
TxTimeout               0x200008b8    0x4  Data  Gb  radio.o [1]
TxTimeoutTimer          0x200009c4   0x18  Data  Gb  radio.o [1]
UART_AdvFeatureConfig   0x08005277   0xc6  Code  Gb  stm32l4xx_hal_uart.o [1]
UART_CheckIdleState     0x0800533d   0x56  Code  Gb  stm32l4xx_hal_uart.o [1]
UART_SetConfig          0x08005045  0x1fc  Code  Gb  stm32l4xx_hal_uart.o [1]
UART_WaitOnFlagUntilTimeout
                        0x08005393   0x60  Code  Gb  stm32l4xx_hal_uart.o [1]
Uart2                   0x2000002c   0x48  Data  Gb  board.o [1]
Uart2RxBuffer           0x20000474  0x400  Data  Gb  board.o [1]
Uart2TxBuffer           0x20000074  0x400  Data  Gb  board.o [1]
UsageFault_Handler      0x08006511    0x2  Code  Gb  stm32l4xx_it.o [1]
UsbIsConnected          0x20000001    0x1  Data  Lc  board.o [1]
_EncodingSb_Mbtowc      0x08001f13   0x30  Code  Gb  xencoding_sb.o [3]
_EncodingSb_Mbtowc::initial
                        0x08001f50    0x8  Data  Lc  xencoding_sb.o [3]
_EncodingSb_Wctomb      0x08001ef9   0x1a  Code  Gb  xencoding_sb.o [3]
_EncodingSb_Wctomb::initial
                        0x08001f48    0x8  Data  Lc  xencoding_sb.o [3]
_GenldFull              0x08001085  0x254  Code  Lc  xprintffull.o [3]
_IsdstStr               0x20000ad0    0x4  Data  Gb  setlocale.o [3]
_LdtobFull              0x08000c85  0x3fa  Code  Lc  xprintffull.o [3]
_LitobFull              0x08000b79  0x10a  Code  Lc  xprintffull.o [3]
_LocaleEncoding         0x08001ee5    0xe  Code  Gb  setlocale.o [3]
_LocaleReturnString     0x20000af0   0x50  Data  Lc  setlocale.o [3]
_Locale_Profile         0x20000ad4   0x1c  Data  Gb  setlocale.o [3]
_Locale_aeabi_lconv     0x20000a94   0x38  Data  Gb  localeconv.o [3]
_Locale_lconv           0x20000a44   0x50  Data  Gb  localeconv.o [3]
_Mbtowc                 0x08001323   0x20  Code  Gb  xmbtowc.o [3]
_PrintfFull             0x08000189  0x660  Code  Gb  xprintffull.o [3]
_Prout                  0x0800656d   0x16  Code  Gb  xprout.o [3]
_PutcharsFull           0x080012d9   0x2e  Code  Lc  xprintffull.o [3]
_PutstrFull             0x0800086d  0x306  Code  Lc  xprintffull.o [3]
_TzoneStr               0x20000acc    0x4  Data  Gb  setlocale.o [3]
_Wctomb                 0x080014a9   0x1a  Code  Gb  xwctomb.o [3]
__NVIC_SetPriority      0x08003cb5   0x1a  Code  Lc  stm32l4xx_hal_cortex.o [1]
__aeabi_cdcmple         0x080016f1         Code  Gb  DblCmpLe.o [4]
__aeabi_cdrcmple        0x08001721         Code  Gb  DblCmpGe.o [4]
__aeabi_d2iz            0x08001865         Code  Gb  DblToI32.o [4]
__aeabi_d2uiz           0x08001891         Code  Gb  DblToI32.o [4]
__aeabi_ddiv            0x08001c11         Code  Gb  DblDiv.o [4]
__aeabi_dmul            0x08001a6d         Code  Gb  DblMul.o [4]
__aeabi_dsub            0x080018ed         Code  Gb  DblSub.o [4]
__aeabi_i2d             0x080018bd         Code  Gb  I32ToDbl.o [4]
__aeabi_ldiv0           0x08001f85         Code  Gb  I64DivZer.o [5]
__aeabi_memclr4         0x080036b9         Code  Gb  ABImemclr4.o [5]
__aeabi_ui2d            0x080018d1         Code  Gb  I32ToDbl.o [4]
__aeabi_uldivmod        0x080015bd         Code  Gb  I64DivMod.o [5]
__cmain                 0x08006529         Code  Gb  cmain.o [5]
__data_Aldata           0x200014e0    0x8  Data  Gb  xxmemxmalloc.o [3]
__data_GetMemChunk      0x08001f59   0x2c  Code  Gb  xgetmemchunk.o [3]
__data_GetMemChunk::start
                        0x200014f0    0x4  Data  Lc  xgetmemchunk.o [3]
__exit                  0x08006559   0x14  Code  Gb  exit.o [6]
__iar_Dnorm             0x080016ab   0x44  Code  Gb  xdnorm.o [4]
__iar_Dscale            0x08001751  0x114  Code  Gb  xdscale.o [4]
__iar_Locale_lconv_init
                        0x08001e69   0x3a  Code  Gb  localeconv.o [3]
__iar_Mbcurmax          0x080013ed    0xa  Code  Gb  xmbcurmax.o [3]
__iar_Memchr            0x08001395         Code  Gb  memchr.o [5]
__iar_Memset4_word      0x08003d85         Code  Gb  ABImemset48.o [5]
__iar_Memset8_word      0x08003d85         Code  Gb  ABImemset48.o [5]
__iar_Stdout            0x20000a04   0x40  Data  Gb  xfiles.o [3]
__iar_Strchr            0x08001345         Code  Gb  strchr.o [5]
__iar_d2uiz             0x0800189d         Code  Gb  DblToI32.o [4]
__iar_dadd              0x08001f89         Code  Gb  DblAdd.o [4]
__iar_data_init3        0x0800649d   0x28  Code  Gb  data_init.o [5]
__iar_dlib_perthread_access
                        0x0800205d    0x2  Code  Gb  xtls.o [3]
__iar_dsub              0x08001901         Code  Gb  DblSub.o [4]
__iar_dsubStart         0x08001913         Code  Gb  DblSub.o [4]
__iar_init_vfp          0x080064c5         Code  Gb  fpinit_M.o [4]
__iar_packbits_init_single3
                        0x08006465   0x38  Code  Gb  packbits_init_single.o [5]
__iar_program_start     0x080065a1         Code  Gb  cstartup_M.o [5]
__iar_ui2d              0x080018d5         Code  Gb  I32ToDbl.o [4]
__iar_unaligned___aeabi_memcpy
                        0x080014c5         Code  Gb  ABImemcpy_unaligned.o [5]
__iar_unaligned___aeabi_memcpy4
                        0x080014e5         Code  Gb  ABImemcpy_unaligned.o [5]
__iar_unaligned___aeabi_memcpy8
                        0x080014e5         Code  Gb  ABImemcpy_unaligned.o [5]
__iar_zero_init3        0x08006425   0x40  Code  Gb  zero_init3.o [5]
__low_level_init        0x08006543    0x4  Code  Gb  low_level_init.o [3]
__vector_table          0x08000000         Data  Gb  startup_stm32l476xx.o [1]
_call_main              0x08006535         Code  Gb  cmain.o [5]
_exit                   0x0800654d         Code  Gb  cexit.o [5]
_main                   0x0800653f         Code  Gb  cmain.o [5]
div                     0x08001ed5    0xe  Code  Gb  div.o [3]
exit                    0x08006547    0x4  Code  Gb  exit.o [3]
fputc                   0x08004be1   0x14  Code  Gb  main.o [1]
free                    0x0800153d   0x7a  Code  Gb  xxmemxfree.o [3]
hrtc                    0x200014a0   0x24  Data  Gb  main.o [1]
hspi1                   0x2000137c   0x64  Data  Gb  main.o [1]
huart2                  0x200012fc   0x80  Data  Gb  main.o [1]
localeconv              0x08001ea3   0x16  Code  Gb  localeconv.o [3]
main                    0x08004bfd   0x88  Code  Gb  main.o [1]
malloc                  0x080013f9   0xac  Code  Gb  xxmemxmalloc.o [3]
memchr                  0x08001395         Code  Gb  memchr.o [5]
obuf                    0x200013e0   0x50  Data  Lc  xfiles.o [3]
packet_init             0x08005441   0xb0  Code  Gb  lora.o [1]
packet_rx               0x080054fd   0x86  Code  Gb  lora.o [1]
printf                  0x08004375   0x24  Code  Gb  printf.o [3]
putchar                 0x08006585    0xc  Code  Gb  putchar.o [3]
strchr                  0x08001345         Code  Gb  strchr.o [5]
strlen                  0x0800135d         Code  Gb  strlen.o [5]
uwTick                  0x200009f8    0x4  Data  Gb  stm32l4xx_hal.o [1]
uwTickFreq              0x200009f4    0x1  Data  Gb  stm32l4xx_hal.o [1]
uwTickPrio              0x200009fc    0x4  Data  Gb  stm32l4xx_hal.o [1]


[1] = E:\stm32l476_sx126x\EWARM\stm32l476_sx126x\Obj
[2] = command line
[3] = dl7M_tlf.a
[4] = m7M_tls.a
[5] = rt7M_tl.a
[6] = shb_l.a

  26 198 bytes of readonly  code memory
     259 bytes of readonly  data memory
   5 366 bytes of readwrite data memory

Errors: none
Warnings: none
